To honour the JVM settings for this build a single-use Daemon process will be forked. For more on this, please refer to https://docs.gradle.org/9.5.0/userguide/gradle_daemon.html#sec:disabling_the_daemon in the Gradle documentation.
Daemon will be stopped at the end of the build 
Reusing configuration cache.
> Task :app:generateDebugAssets UP-TO-DATE
> Task :feature-about:preBuild UP-TO-DATE
> Task :feature-about:generateDebugAssets UP-TO-DATE
> Task :app:preBuild UP-TO-DATE
> Task :feature-demo:preBuild UP-TO-DATE
> Task :trouter-core:preBuild UP-TO-DATE
> Task :trouter-annotation:checkKotlinGradlePluginConfigurationErrors SKIPPED
> Task :trouter-processor:checkKotlinGradlePluginConfigurationErrors SKIPPED
> Task :feature-demo:preDebugBuild UP-TO-DATE
> Task :trouter-core:preDebugBuild UP-TO-DATE
> Task :feature-about:preDebugBuild UP-TO-DATE
> Task :app:preDebugBuild UP-TO-DATE
> Task :trouter-annotation:processResources NO-SOURCE
> Task :trouter-core:generateDebugResources UP-TO-DATE
> Task :feature-about:processDebugNavigationResources UP-TO-DATE
> Task :feature-about:generateDebugResources UP-TO-DATE
> Task :trouter-core:processDebugNavigationResources UP-TO-DATE
> Task :trouter-processor:processResources UP-TO-DATE
> Task :feature-demo:processDebugNavigationResources UP-TO-DATE
> Task :app:generateDebugResources UP-TO-DATE
> Task :trouter-core:javaPreCompileDebug UP-TO-DATE
> Task :feature-demo:generateDebugResources UP-TO-DATE
> Task :trouter-core:writeDebugAarMetadata UP-TO-DATE
> Task :feature-about:writeDebugAarMetadata UP-TO-DATE
> Task :feature-demo:writeDebugAarMetadata UP-TO-DATE
> Task :app:mapDebugSourceSetPaths UP-TO-DATE
> Task :app:extractDeepLinksDebug UP-TO-DATE
> Task :feature-about:extractDeepLinksDebug UP-TO-DATE
> Task :app:createDebugCompatibleScreenManifests UP-TO-DATE
> Task :feature-demo:extractDeepLinksDebug UP-TO-DATE
> Task :feature-about:processDebugManifest UP-TO-DATE
> Task :trouter-core:extractDeepLinksDebug UP-TO-DATE
> Task :app:packageDebugResources UP-TO-DATE
> Task :feature-demo:packageDebugResources UP-TO-DATE
> Task :trouter-core:packageDebugResources UP-TO-DATE
> Task :feature-about:packageDebugResources UP-TO-DATE
> Task :feature-demo:processDebugManifest UP-TO-DATE
> Task :feature-about:mapDebugSourceSetPaths UP-TO-DATE
> Task :trouter-core:processDebugManifest UP-TO-DATE
> Task :trouter-core:parseDebugLocalResources UP-TO-DATE
> Task :feature-demo:parseDebugLocalResources UP-TO-DATE
> Task :feature-about:parseDebugLocalResources UP-TO-DATE
> Task :feature-about:compileDebugLibraryResources UP-TO-DATE
> Task :trouter-annotation:compileKotlin UP-TO-DATE
> Task :feature-demo:mapDebugSourceSetPaths UP-TO-DATE
> Task :feature-demo:generateDebugRFile UP-TO-DATE
> Task :feature-about:generateDebugRFile UP-TO-DATE
> Task :feature-demo:compileDebugLibraryResources UP-TO-DATE
> Task :trouter-core:generateDebugRFile UP-TO-DATE
> Task :app:preDebugAndroidTestBuild SKIPPED
> Task :feature-demo:generateDebugAssets UP-TO-DATE
> Task :trouter-core:mapDebugSourceSetPaths UP-TO-DATE
> Task :trouter-annotation:compileJava NO-SOURCE
> Task :trouter-annotation:classes UP-TO-DATE
> Task :feature-about:mergeDebugAssets UP-TO-DATE
> Task :app:generateDebugAndroidTestResources UP-TO-DATE
> Task :trouter-core:compileDebugLibraryResources UP-TO-DATE
> Task :app:processDebugAndroidTestNavigationResources UP-TO-DATE
> Task :app:javaPreCompileDebugAndroidTest UP-TO-DATE
> Task :trouter-core:generateDebugAssets UP-TO-DATE
> Task :feature-demo:mergeDebugAssets UP-TO-DATE
> Task :trouter-core:mergeDebugAssets UP-TO-DATE
> Task :app:generateDebugGlobalSynthetics UP-TO-DATE
> Task :app:packageDebugAndroidTestResources UP-TO-DATE
> Task :trouter-annotation:jar UP-TO-DATE
> Task :app:desugarDebugFileDependencies UP-TO-DATE
> Task :app:parseDebugAndroidTestLocalResources UP-TO-DATE
> Task :app:generateDebugAndroidTestRFile UP-TO-DATE
> Task :app:mergeDebugJniLibFolders UP-TO-DATE
> Task :feature-about:mergeDebugJniLibFolders UP-TO-DATE
> Task :feature-demo:mergeDebugJniLibFolders UP-TO-DATE
> Task :trouter-processor:compileKotlin UP-TO-DATE
> Task :feature-about:mergeDebugNativeLibs NO-SOURCE
> Task :feature-demo:mergeDebugNativeLibs NO-SOURCE
> Task :trouter-processor:compileJava NO-SOURCE
> Task :feature-demo:copyDebugJniLibsProjectOnly UP-TO-DATE
> Task :feature-about:copyDebugJniLibsProjectOnly UP-TO-DATE
> Task :trouter-processor:classes UP-TO-DATE
> Task :app:validateSigningDebug UP-TO-DATE
> Task :trouter-core:mergeDebugJniLibFolders UP-TO-DATE
> Task :trouter-processor:jar UP-TO-DATE
> Task :app:writeDebugAppMetadata UP-TO-DATE
> Task :trouter-core:mergeDebugNativeLibs NO-SOURCE
> Task :feature-about:javaPreCompileDebug UP-TO-DATE
> Task :app:javaPreCompileDebug UP-TO-DATE
> Task :feature-demo:javaPreCompileDebug UP-TO-DATE
> Task :app:generateDebugAndroidTestAssets UP-TO-DATE
> Task :trouter-core:copyDebugJniLibsProjectOnly UP-TO-DATE
> Task :app:writeDebugSigningConfigVersions UP-TO-DATE
> Task :app:generateDebugAndroidTestGlobalSynthetics UP-TO-DATE
> Task :app:checkDebugDuplicateClasses UP-TO-DATE
> Task :app:checkDebugAndroidTestDuplicateClasses UP-TO-DATE
> Task :app:desugarDebugAndroidTestFileDependencies UP-TO-DATE
> Task :app:mergeDebugAssets UP-TO-DATE
> Task :app:processDebugNavigationResources UP-TO-DATE
> Task :app:compressDebugAssets UP-TO-DATE
> Task :app:checkDebugAarMetadata UP-TO-DATE
> Task :app:mergeDebugAndroidTestAssets UP-TO-DATE
> Task :app:parseDebugLocalResources UP-TO-DATE
> Task :app:compileDebugNavigationResources UP-TO-DATE
> Task :app:mergeDebugResources UP-TO-DATE
> Task :app:mapDebugAndroidTestSourceSetPaths UP-TO-DATE
> Task :app:compileDebugAndroidTestNavigationResources UP-TO-DATE
> Task :app:compressDebugAndroidTestAssets UP-TO-DATE
> Task :app:generateDebugRFile UP-TO-DATE
> Task :app:mergeDebugAndroidTestJniLibFolders UP-TO-DATE
> Task :app:validateSigningDebugAndroidTest UP-TO-DATE
> Task :app:writeDebugAndroidTestSigningConfigVersions UP-TO-DATE
> Task :app:mergeDebugNativeLibs UP-TO-DATE
> Task :app:checkDebugAndroidTestAarMetadata UP-TO-DATE
> Task :app:stripDebugDebugSymbols UP-TO-DATE
> Task :app:mergeDebugAndroidTestNativeLibs NO-SOURCE
> Task :app:stripDebugAndroidTestDebugSymbols NO-SOURCE
> Task :app:mergeDebugAndroidTestResources UP-TO-DATE
> Task :app:processDebugMainManifest UP-TO-DATE
> Task :app:mergeDebugAndroidTestManifest UP-TO-DATE
> Task :app:processDebugAndroidTestManifest UP-TO-DATE
> Task :app:processDebugManifest UP-TO-DATE
> Task :app:processDebugManifestForPackage UP-TO-DATE
> Task :app:mergeExtDexDebug UP-TO-DATE
> Task :app:mergeExtDexDebugAndroidTest UP-TO-DATE
> Task :trouter-core:compileDebugAidl UP-TO-DATE
> Task :app:processDebugAndroidTestResources UP-TO-DATE
> Task :app:processDebugResources UP-TO-DATE
> Task :trouter-core:compileDebugKotlin UP-TO-DATE
> Task :trouter-core:processDebugJavaRes UP-TO-DATE
> Task :trouter-core:compileDebugJavaWithJavac UP-TO-DATE
> Task :trouter-core:bundleLibCompileToJarDebug UP-TO-DATE
> Task :trouter-core:bundleLibRuntimeToDirDebug UP-TO-DATE
> Task :feature-about:kspDebugKotlin UP-TO-DATE
> Task :feature-demo:kspDebugKotlin UP-TO-DATE
> Task :feature-about:compileDebugKotlin UP-TO-DATE
> Task :feature-demo:compileDebugKotlin UP-TO-DATE
> Task :feature-about:compileDebugJavaWithJavac NO-SOURCE
> Task :feature-about:processDebugJavaRes UP-TO-DATE
> Task :feature-demo:compileDebugJavaWithJavac NO-SOURCE
> Task :feature-about:bundleLibCompileToJarDebug UP-TO-DATE
> Task :feature-demo:processDebugJavaRes UP-TO-DATE
> Task :feature-demo:bundleLibCompileToJarDebug UP-TO-DATE
> Task :feature-about:bundleLibRuntimeToDirDebug UP-TO-DATE
> Task :feature-demo:bundleLibRuntimeToDirDebug UP-TO-DATE
> Task :app:mergeLibDexDebugAndroidTest UP-TO-DATE
> Task :app:mergeLibDexDebug UP-TO-DATE
> Task :app:kspDebugKotlin UP-TO-DATE
> Task :app:compileDebugKotlin UP-TO-DATE
> Task :app:compileDebugJavaWithJavac NO-SOURCE
> Task :app:processDebugJavaRes UP-TO-DATE
> Task :app:bundleDebugClassesToCompileJar UP-TO-DATE
> Task :app:dexBuilderDebug UP-TO-DATE
> Task :app:mergeProjectDexDebug UP-TO-DATE
> Task :app:kspDebugAndroidTestKotlin UP-TO-DATE
> Task :app:mergeDebugJavaResource UP-TO-DATE
> Task :app:packageDebug UP-TO-DATE
> Task :app:createDebugApkListingFileRedirect UP-TO-DATE
> Task :app:compileDebugAndroidTestKotlin UP-TO-DATE
> Task :app:compileDebugAndroidTestJavaWithJavac NO-SOURCE
> Task :app:processDebugAndroidTestJavaRes UP-TO-DATE
> Task :app:mergeDebugAndroidTestJavaResource UP-TO-DATE

> Task :app:verifyCrossModuleRouteConflicts
TRouter L1 校验通过：跨模块无重复 path（共扫描 6 条路由清单项）

> Task :app:dexBuilderDebugAndroidTest
> Task :app:mergeProjectDexDebugAndroidTest
> Task :app:packageDebugAndroidTest
> Task :app:createDebugAndroidTestApkListingFileRedirect UP-TO-DATE
Starting 3 tests on trouter_test(AVD) - 16
trouter_test(AVD) - 16 Tests 0/3 completed. (0 skipped) (0 failed)
trouter_test(AVD) - 16 Tests 1/3 completed. (0 skipped) (0 failed)
> Task :app:connectedDebugAndroidTest


com.demo.trouter.TRouterParamPassingTest > remoteParamsDeliveredCrossProcess[trouter_test(AVD) - 16] [31mFAILED [0m
	java.lang.AssertionError: expected:</remote-second> but was:<null>
	at org.junit.Assert.fail(Assert.java:89)
trouter_test(AVD) - 16 Tests 2/3 completed. (0 skipped) (1 failed)
trouter_test(AVD) - 16 Tests 3/3 completed. (0 skipped) (1 failed)
Tests on trouter_test(AVD) - 16 failed: There was 1 failure(s).
Finished 3 tests on trouter_test(AVD) - 16
Execute com.demo.trouter.TRouterParamPassingTest.remoteParamsDeliveredCrossProcess: FAILED
java.lang.AssertionError: java.lang.AssertionError: expected:</remote-second> but was:<null>
at org.junit.Assert.fail(Assert.java:89)
at org.junit.Assert.failNotEquals(Assert.java:835)
at org.junit.Assert.assertEquals(Assert.java:120)
at org.junit.Assert.assertEquals(Assert.java:146)
at com.demo.trouter.TRouterParamPassingTest.remoteParamsDeliveredCrossProcess(TRouterParamPassingTest.kt:98)

java.lang.AssertionError: expected:</remote-second> but was:<null>
at org.junit.Assert.fail(Assert.java:89)
at org.junit.Assert.failNotEquals(Assert.java:835)
at org.junit.Assert.assertEquals(Assert.java:120)
at org.junit.Assert.assertEquals(Assert.java:146)
at com.demo.trouter.TRouterParamPassingTest.remoteParamsDeliveredCrossProcess(TRouterParamPassingTest.kt:98)

> Task :app:connectedDebugAndroidTest FAILED

FAILURE: Build failed with an exception.

* What went wrong:
Execution failed for task ':app:connectedDebugAndroidTest' (registered by plugin 'com.android.internal.application').
> There were failing tests. See the report at: file:///Users/tye/Work/Android/TRouterDemo/app/build/reports/androidTests/connected/debug/index.html

* Try:
> Run with --stacktrace option to get the stack trace.
> Run with --info or --debug option to get more log output.
> Run with --scan to get full insights from a Build Scan (powered by Develocity).
> Get more help at https://help.gradle.org.

BUILD FAILED in 1m 5s
134 actionable tasks: 5 executed, 129 up-to-date
Configuration cache entry reused.
