To honour the JVM settings for this build a single-use Daemon process will be forked. For more on this, please refer to https://docs.gradle.org/9.5.0/userguide/gradle_daemon.html#sec:disabling_the_daemon in the Gradle documentation.
Daemon will be stopped at the end of the build 
Calculating task graph as no cached configuration is available for tasks: :app:connectedDebugAndroidTest

> Configure project :app
WARNING: The option setting 'android.disallowKotlinSourceSets=false' is experimental.
The current default is 'true'.
Add android.sync.suppressAgpWarnings=UNSUPPORTED_PROJECT_OPTION_USE to the gradle.properties file to suppress this warning.

> Task :trouter-core:generateDebugAssets UP-TO-DATE
> Task :trouter-annotation:checkKotlinGradlePluginConfigurationErrors SKIPPED
> Task :trouter-processor:checkKotlinGradlePluginConfigurationErrors SKIPPED
> Task :app:generateDebugAndroidTestAssets UP-TO-DATE
> Task :app:preBuild UP-TO-DATE
> Task :trouter-core:preBuild UP-TO-DATE
> Task :app:generateDebugAssets UP-TO-DATE
> Task :trouter-core:preDebugBuild UP-TO-DATE
> Task :app:preDebugBuild UP-TO-DATE
> Task :app:preDebugAndroidTestBuild SKIPPED
> Task :trouter-annotation:processResources NO-SOURCE
> Task :app:extractDeepLinksDebug UP-TO-DATE
> Task :trouter-core:generateDebugResources UP-TO-DATE
> Task :app:createDebugCompatibleScreenManifests UP-TO-DATE
> Task :trouter-processor:processResources UP-TO-DATE
> Task :trouter-core:javaPreCompileDebug UP-TO-DATE
> Task :trouter-core:writeDebugAarMetadata UP-TO-DATE
> Task :app:mapDebugSourceSetPaths UP-TO-DATE
> Task :app:generateDebugResources UP-TO-DATE
> Task :trouter-core:processDebugNavigationResources UP-TO-DATE
> Task :trouter-core:extractDeepLinksDebug UP-TO-DATE
> Task :trouter-core:mapDebugSourceSetPaths UP-TO-DATE
> Task :app:processDebugAndroidTestNavigationResources UP-TO-DATE
> Task :app:generateDebugAndroidTestResources UP-TO-DATE
> Task :trouter-core:processDebugManifest UP-TO-DATE
> Task :trouter-core:mergeDebugAssets UP-TO-DATE
> Task :trouter-annotation:compileKotlin UP-TO-DATE
> Task :trouter-core:packageDebugResources UP-TO-DATE
> Task :app:generateDebugGlobalSynthetics UP-TO-DATE
> Task :app:packageDebugAndroidTestResources UP-TO-DATE
> Task :trouter-core:parseDebugLocalResources UP-TO-DATE
> Task :app:packageDebugResources UP-TO-DATE
> Task :trouter-annotation:compileJava NO-SOURCE
> Task :trouter-annotation:classes UP-TO-DATE
> Task :trouter-core:compileDebugLibraryResources UP-TO-DATE
> Task :app:parseDebugAndroidTestLocalResources UP-TO-DATE
> Task :trouter-core:generateDebugRFile UP-TO-DATE
> Task :trouter-annotation:jar UP-TO-DATE
> Task :app:generateDebugAndroidTestRFile UP-TO-DATE
> Task :trouter-processor:compileKotlin UP-TO-DATE
> Task :trouter-processor:compileJava NO-SOURCE
> Task :trouter-processor:classes UP-TO-DATE
> Task :app:desugarDebugFileDependencies UP-TO-DATE
> Task :trouter-processor:jar UP-TO-DATE
> Task :app:javaPreCompileDebug UP-TO-DATE
> Task :app:mergeDebugJniLibFolders UP-TO-DATE
> Task :trouter-core:mergeDebugJniLibFolders UP-TO-DATE
> Task :app:validateSigningDebug UP-TO-DATE
> Task :trouter-core:mergeDebugNativeLibs NO-SOURCE
> Task :app:writeDebugAppMetadata UP-TO-DATE
> Task :trouter-core:copyDebugJniLibsProjectOnly UP-TO-DATE
> Task :app:writeDebugSigningConfigVersions UP-TO-DATE
> Task :trouter-core:compileDebugKotlin UP-TO-DATE
> Task :trouter-core:compileDebugJavaWithJavac NO-SOURCE
> Task :trouter-core:bundleLibCompileToJarDebug UP-TO-DATE
> Task :trouter-core:processDebugJavaRes UP-TO-DATE
> Task :trouter-core:bundleLibRuntimeToDirDebug UP-TO-DATE
> Task :app:mergeDebugAssets UP-TO-DATE
> Task :app:mergeDebugResources UP-TO-DATE
> Task :app:compressDebugAssets UP-TO-DATE
> Task :app:checkDebugAarMetadata UP-TO-DATE
> Task :app:processDebugNavigationResources UP-TO-DATE
> Task :app:checkDebugDuplicateClasses UP-TO-DATE
> Task :app:compileDebugNavigationResources UP-TO-DATE
> Task :app:parseDebugLocalResources UP-TO-DATE
> Task :app:mergeDebugNativeLibs UP-TO-DATE
> Task :app:desugarDebugAndroidTestFileDependencies
> Task :app:javaPreCompileDebugAndroidTest
> Task :app:mergeLibDexDebug UP-TO-DATE
> Task :app:stripDebugDebugSymbols UP-TO-DATE
> Task :app:generateDebugRFile UP-TO-DATE
> Task :app:mapDebugAndroidTestSourceSetPaths
> Task :app:compileDebugAndroidTestNavigationResources
> Task :app:mergeDebugAndroidTestJniLibFolders
> Task :app:processDebugMainManifest UP-TO-DATE
> Task :app:processDebugManifest UP-TO-DATE
> Task :app:processDebugManifestForPackage UP-TO-DATE
> Task :app:mergeDebugAndroidTestNativeLibs NO-SOURCE
> Task :app:stripDebugAndroidTestDebugSymbols NO-SOURCE
> Task :app:kspDebugKotlin UP-TO-DATE
> Task :app:checkDebugAndroidTestDuplicateClasses
> Task :app:validateSigningDebugAndroidTest
> Task :app:mergeDebugAndroidTestAssets
> Task :app:compressDebugAndroidTestAssets
> Task :app:mergeExtDexDebug UP-TO-DATE
> Task :app:checkDebugAndroidTestAarMetadata
> Task :app:writeDebugAndroidTestSigningConfigVersions
> Task :app:mergeDebugAndroidTestManifest
> Task :app:compileDebugKotlin UP-TO-DATE
> Task :app:processDebugAndroidTestManifest
> Task :app:processDebugJavaRes UP-TO-DATE
> Task :app:compileDebugJavaWithJavac NO-SOURCE
> Task :app:processDebugResources UP-TO-DATE
> Task :app:bundleDebugClassesToCompileJar UP-TO-DATE
> Task :app:mergeDebugJavaResource UP-TO-DATE
> Task :app:dexBuilderDebug UP-TO-DATE
> Task :app:mergeProjectDexDebug UP-TO-DATE
> Task :app:kspDebugAndroidTestKotlin UP-TO-DATE
> Task :app:packageDebug UP-TO-DATE
> Task :app:createDebugApkListingFileRedirect UP-TO-DATE
> Task :app:compileDebugAndroidTestKotlin UP-TO-DATE
> Task :app:compileDebugAndroidTestJavaWithJavac NO-SOURCE
> Task :app:processDebugAndroidTestJavaRes
> Task :app:mergeDebugAndroidTestJavaResource
> Task :app:mergeLibDexDebugAndroidTest
> Task :app:mergeDebugAndroidTestResources
> Task :app:generateDebugAndroidTestGlobalSynthetics
> Task :app:processDebugAndroidTestResources
> Task :app:dexBuilderDebugAndroidTest
> Task :app:mergeProjectDexDebugAndroidTest
> Task :app:mergeExtDexDebugAndroidTest
> Task :app:packageDebugAndroidTest
> Task :app:createDebugAndroidTestApkListingFileRedirect
Starting 4 tests on trouter_test(AVD) - 16

com.demo.trouter.MainRouterTest > testConfigDebugMode[trouter_test(AVD) - 16] [31mFAILED [0m
	java.lang.AssertionError: debug=true 应输出 GroupLoader 加载日志:
	[TRouter][navigate][entry] traceId=fdef75d4 path=/second bundleKeys=0
Tests on trouter_test(AVD) - 16 failed: There was 1 failure(s).
Finished 4 tests on trouter_test(AVD) - 16
Execute com.demo.trouter.MainRouterTest.testConfigDebugMode: FAILED
java.lang.AssertionError: java.lang.AssertionError: debug=true 应输出 GroupLoader 加载日志:
[TRouter][navigate][entry] traceId=fdef75d4 path=/second bundleKeys=0
[TRouter][navigate][exit] traceId=fdef75d4 result=Success(meta=/second, kind=ACTIVITY) costMs=2
at org.junit.Assert.fail(Assert.java:89)
at org.junit.Assert.assertTrue(Assert.java:42)
at com.demo.trouter.MainRouterTest.testConfigDebugMode(MainRouterTest.kt:76)

java.lang.AssertionError: debug=true 应输出 GroupLoader 加载日志:
[TRouter][navigate][entry] traceId=fdef75d4 path=/second bundleKeys=0
[TRouter][navigate][exit] traceId=fdef75d4 result=Success(meta=/second, kind=ACTIVITY) costMs=2
at org.junit.Assert.fail(Assert.java:89)
at org.junit.Assert.assertTrue(Assert.java:42)
at com.demo.trouter.MainRouterTest.testConfigDebugMode(MainRouterTest.kt:76)
> Task :app:connectedDebugAndroidTest FAILED

FAILURE: Build failed with an exception.

* What went wrong:
Execution failed for task ':app:connectedDebugAndroidTest' (registered by plugin 'com.android.internal.application').
> There were failing tests. See the report at: file:///Users/tye/Work/Android/TRouterDemo/app/build/reports/androidTests/connected/debug/index.html

* Try:
> Run with --stacktrace option to get the stack trace.
> Run with --info or --debug option to get more log output.
> Run with --scan to get full insights from a Build Scan (powered by Develocity).
> Get more help at https://help.gradle.org.

BUILD FAILED in 2m 11s
93 actionable tasks: 25 executed, 68 up-to-date
Configuration cache entry stored.
