To honour the JVM settings for this build a single-use Daemon process will be forked. For more on this, please refer to https://docs.gradle.org/9.5.0/userguide/gradle_daemon.html#sec:disabling_the_daemon in the Gradle documentation.
Daemon will be stopped at the end of the build 
Calculating task graph as configuration cache cannot be reused because file 'gradle/libs.versions.toml' has changed.

> Configure project :app
WARNING: The option setting 'android.disallowKotlinSourceSets=false' is experimental.
The current default is 'true'.
Add android.sync.suppressAgpWarnings=UNSUPPORTED_PROJECT_OPTION_USE to the gradle.properties file to suppress this warning.

> Task :trouter-core:preBuild UP-TO-DATE
> Task :trouter-processor:checkKotlinGradlePluginConfigurationErrors SKIPPED
> Task :trouter-core:generateDebugAssets UP-TO-DATE
> Task :app:preBuild UP-TO-DATE
> Task :app:generateDebugAssets UP-TO-DATE
> Task :app:preDebugAndroidTestBuild SKIPPED
> Task :trouter-annotation:checkKotlinGradlePluginConfigurationErrors SKIPPED
> Task :trouter-core:preDebugBuild UP-TO-DATE
> Task :app:generateDebugAndroidTestAssets UP-TO-DATE
> Task :app:preDebugBuild UP-TO-DATE
> Task :trouter-annotation:processResources NO-SOURCE
> Task :trouter-processor:processResources UP-TO-DATE
> Task :app:createDebugCompatibleScreenManifests
> Task :trouter-core:processDebugNavigationResources
> Task :app:generateDebugResources
> Task :trouter-core:generateDebugResources
> Task :trouter-core:extractDeepLinksDebug
> Task :app:extractDeepLinksDebug
> Task :app:mapDebugSourceSetPaths
> Task :app:processDebugAndroidTestNavigationResources
> Task :app:generateDebugAndroidTestResources
> Task :trouter-core:javaPreCompileDebug
> Task :trouter-core:mapDebugSourceSetPaths
> Task :trouter-core:writeDebugAarMetadata
> Task :app:packageDebugAndroidTestResources
> Task :trouter-core:packageDebugResources
> Task :app:packageDebugResources
> Task :trouter-core:processDebugManifest
> Task :trouter-core:parseDebugLocalResources
> Task :app:parseDebugAndroidTestLocalResources
> Task :trouter-core:generateDebugRFile
> Task :app:processDebugNavigationResources
> Task :trouter-core:mergeDebugAssets
> Task :app:parseDebugLocalResources
> Task :trouter-core:compileDebugLibraryResources
> Task :app:compileDebugNavigationResources
> Task :app:processDebugMainManifest
> Task :app:mergeDebugAssets
> Task :app:javaPreCompileDebugAndroidTest
> Task :app:checkDebugAarMetadata
> Task :app:compressDebugAssets
> Task :app:desugarDebugFileDependencies
> Task :app:mergeDebugJniLibFolders
> Task :app:generateDebugRFile
> Task :app:writeDebugAppMetadata
> Task :app:validateSigningDebug
> Task :app:writeDebugSigningConfigVersions
> Task :app:processDebugManifest
> Task :app:processDebugManifestForPackage
> Task :app:mergeDebugAndroidTestAssets
> Task :app:compressDebugAndroidTestAssets
> Task :trouter-core:mergeDebugJniLibFolders
> Task :app:desugarDebugAndroidTestFileDependencies
> Task :trouter-core:mergeDebugNativeLibs NO-SOURCE
> Task :app:generateDebugAndroidTestRFile
> Task :app:mapDebugAndroidTestSourceSetPaths
> Task :app:compileDebugAndroidTestNavigationResources
> Task :app:checkDebugAndroidTestAarMetadata
> Task :trouter-core:copyDebugJniLibsProjectOnly
> Task :app:mergeDebugAndroidTestJniLibFolders
> Task :app:checkDebugAndroidTestDuplicateClasses
> Task :app:validateSigningDebugAndroidTest
> Task :app:checkDebugDuplicateClasses
> Task :app:writeDebugAndroidTestSigningConfigVersions
> Task :app:mergeDebugAndroidTestManifest
> Task :app:processDebugAndroidTestManifest
> Task :app:generateDebugAndroidTestGlobalSynthetics
> Task :app:generateDebugGlobalSynthetics
> Task :app:mergeDebugAndroidTestResources
> Task :trouter-annotation:compileKotlin
> Task :trouter-annotation:compileJava NO-SOURCE
> Task :trouter-annotation:classes UP-TO-DATE
> Task :trouter-annotation:jar UP-TO-DATE
> Task :app:mergeDebugNativeLibs
> Task :trouter-core:compileDebugKotlin
> Task :trouter-core:compileDebugJavaWithJavac NO-SOURCE
> Task :trouter-core:processDebugJavaRes
> Task :trouter-processor:compileKotlin
> Task :trouter-processor:compileJava NO-SOURCE
> Task :trouter-processor:classes UP-TO-DATE
> Task :trouter-processor:jar UP-TO-DATE
> Task :trouter-core:bundleLibRuntimeToDirDebug
> Task :app:mergeLibDexDebug

> Task :app:stripDebugDebugSymbols
Unable to strip the following libraries, packaging them as they are: libandroidx.graphics.path.so. Run with --info option to learn more.

> Task :app:mergeDebugAndroidTestNativeLibs NO-SOURCE
> Task :app:stripDebugAndroidTestDebugSymbols NO-SOURCE
> Task :app:mergeLibDexDebugAndroidTest
> Task :trouter-core:bundleLibCompileToJarDebug
> Task :app:javaPreCompileDebug
> Task :app:mergeDebugResources
> Task :app:processDebugAndroidTestResources
> Task :app:processDebugResources
> Task :app:kspDebugKotlin
> Task :app:compileDebugKotlin
> Task :app:compileDebugJavaWithJavac NO-SOURCE
> Task :app:processDebugJavaRes
> Task :app:bundleDebugClassesToCompileJar
> Task :app:dexBuilderDebug
> Task :app:mergeProjectDexDebug
> Task :app:kspDebugAndroidTestKotlin
> Task :app:mergeDebugJavaResource
> Task :app:compileDebugAndroidTestKotlin
> Task :app:compileDebugAndroidTestJavaWithJavac NO-SOURCE
> Task :app:processDebugAndroidTestJavaRes
> Task :app:dexBuilderDebugAndroidTest
> Task :app:mergeProjectDexDebugAndroidTest
> Task :app:mergeDebugAndroidTestJavaResource
> Task :app:mergeExtDexDebugAndroidTest
> Task :app:packageDebugAndroidTest
> Task :app:createDebugAndroidTestApkListingFileRedirect
> Task :app:mergeExtDexDebug
> Task :app:packageDebug
> Task :app:createDebugApkListingFileRedirect
Starting 10 tests on trouter_test(AVD) - 16
trouter_test(AVD) - 16 Tests 2/10 completed. (0 skipped) (0 failed)
> Task :app:connectedDebugAndroidTest

trouter_test(AVD) - 16 Tests 4/10 completed. (0 skipped) (0 failed)
trouter_test(AVD) - 16 Tests 5/10 completed. (0 skipped) (0 failed)
Finished 10 tests on trouter_test(AVD) - 16

BUILD SUCCESSFUL in 1m 38s
93 actionable tasks: 90 executed, 3 up-to-date
Configuration cache entry stored.
