To honour the JVM settings for this build a single-use Daemon process will be forked. For more on this, please refer to https://docs.gradle.org/9.5.0/userguide/gradle_daemon.html#sec:disabling_the_daemon in the Gradle documentation.
Daemon will be stopped at the end of the build 
Calculating task graph as configuration cache cannot be reused because file 'app/build.gradle.kts' has changed.

> Configure project :app
WARNING: The option setting 'android.disallowKotlinSourceSets=false' is experimental.
The current default is 'true'.
Add android.sync.suppressAgpWarnings=UNSUPPORTED_PROJECT_OPTION_USE to the gradle.properties file to suppress this warning.

> Task :app:preBuild UP-TO-DATE
> Task :trouter-core:preBuild UP-TO-DATE
> Task :trouter-core:generateDebugAssets UP-TO-DATE
> Task :trouter-processor:checkKotlinGradlePluginConfigurationErrors SKIPPED
> Task :app:generateDebugAndroidTestAssets UP-TO-DATE
> Task :app:generateDebugAssets UP-TO-DATE
> Task :trouter-annotation:checkKotlinGradlePluginConfigurationErrors SKIPPED
> Task :app:preDebugBuild UP-TO-DATE
> Task :trouter-core:preDebugBuild UP-TO-DATE
> Task :trouter-annotation:processResources NO-SOURCE
> Task :trouter-core:javaPreCompileDebug UP-TO-DATE
> Task :trouter-core:writeDebugAarMetadata UP-TO-DATE
> Task :trouter-core:processDebugNavigationResources UP-TO-DATE
> Task :trouter-processor:processResources UP-TO-DATE
> Task :app:extractDeepLinksDebug UP-TO-DATE
> Task :trouter-core:generateDebugResources UP-TO-DATE
> Task :app:createDebugCompatibleScreenManifests UP-TO-DATE
> Task :app:preDebugAndroidTestBuild SKIPPED
> Task :trouter-core:extractDeepLinksDebug UP-TO-DATE
> Task :trouter-core:mapDebugSourceSetPaths UP-TO-DATE
> Task :app:generateDebugAndroidTestResources UP-TO-DATE
> Task :app:javaPreCompileDebugAndroidTest UP-TO-DATE
> Task :trouter-core:processDebugManifest UP-TO-DATE
> Task :app:processDebugAndroidTestNavigationResources UP-TO-DATE
> Task :app:generateDebugGlobalSynthetics UP-TO-DATE
> Task :trouter-core:mergeDebugAssets UP-TO-DATE
> Task :app:packageDebugAndroidTestResources UP-TO-DATE
> Task :trouter-core:packageDebugResources UP-TO-DATE
> Task :trouter-annotation:compileKotlin UP-TO-DATE
> Task :trouter-annotation:compileJava NO-SOURCE
> Task :app:parseDebugAndroidTestLocalResources UP-TO-DATE
> Task :trouter-annotation:classes UP-TO-DATE
> Task :trouter-core:parseDebugLocalResources UP-TO-DATE
> Task :trouter-core:compileDebugLibraryResources UP-TO-DATE
> Task :trouter-core:generateDebugRFile UP-TO-DATE
> Task :trouter-annotation:jar UP-TO-DATE
> Task :app:generateDebugAndroidTestRFile UP-TO-DATE
> Task :app:generateDebugResources
> Task :app:mapDebugSourceSetPaths
> Task :app:desugarDebugFileDependencies UP-TO-DATE
> Task :trouter-processor:compileKotlin UP-TO-DATE
> Task :app:mergeDebugJniLibFolders UP-TO-DATE
> Task :trouter-core:mergeDebugJniLibFolders UP-TO-DATE
> Task :trouter-processor:compileJava NO-SOURCE
> Task :trouter-processor:classes UP-TO-DATE
> Task :trouter-core:mergeDebugNativeLibs NO-SOURCE
> Task :trouter-processor:jar UP-TO-DATE
> Task :trouter-core:copyDebugJniLibsProjectOnly UP-TO-DATE
> Task :app:javaPreCompileDebug UP-TO-DATE
> Task :app:validateSigningDebug UP-TO-DATE
> Task :app:writeDebugAppMetadata UP-TO-DATE
> Task :app:writeDebugSigningConfigVersions UP-TO-DATE
> Task :app:packageDebugResources
> Task :app:generateDebugAndroidTestGlobalSynthetics UP-TO-DATE
> Task :app:checkDebugDuplicateClasses UP-TO-DATE
> Task :app:checkDebugAndroidTestDuplicateClasses UP-TO-DATE
> Task :app:desugarDebugAndroidTestFileDependencies UP-TO-DATE
> Task :app:mergeDebugAssets UP-TO-DATE
> Task :app:mergeDebugAndroidTestAssets UP-TO-DATE
> Task :app:compressDebugAssets UP-TO-DATE
> Task :app:checkDebugAarMetadata UP-TO-DATE
> Task :app:compressDebugAndroidTestAssets UP-TO-DATE
> Task :app:processDebugNavigationResources
> Task :app:mapDebugAndroidTestSourceSetPaths UP-TO-DATE
> Task :app:compileDebugNavigationResources UP-TO-DATE
> Task :app:compileDebugAndroidTestNavigationResources UP-TO-DATE
> Task :app:mergeDebugNativeLibs UP-TO-DATE
> Task :app:checkDebugAndroidTestAarMetadata UP-TO-DATE
> Task :app:stripDebugDebugSymbols UP-TO-DATE
> Task :app:mergeDebugAndroidTestJniLibFolders UP-TO-DATE
> Task :app:validateSigningDebugAndroidTest UP-TO-DATE
> Task :app:writeDebugAndroidTestSigningConfigVersions UP-TO-DATE
> Task :app:mergeDebugAndroidTestNativeLibs NO-SOURCE
> Task :app:stripDebugAndroidTestDebugSymbols NO-SOURCE
> Task :app:mergeDebugAndroidTestResources UP-TO-DATE
> Task :app:mergeDebugAndroidTestManifest UP-TO-DATE
> Task :app:processDebugAndroidTestManifest UP-TO-DATE
> Task :app:mergeExtDexDebug UP-TO-DATE
> Task :app:parseDebugLocalResources
> Task :app:mergeExtDexDebugAndroidTest UP-TO-DATE
> Task :app:processDebugAndroidTestResources UP-TO-DATE
> Task :app:generateDebugRFile
> Task :app:processDebugMainManifest
> Task :app:processDebugManifest
> Task :app:processDebugManifestForPackage
> Task :app:mergeDebugResources
> Task :app:processDebugResources
> Task :trouter-core:compileDebugKotlin
> Task :trouter-core:processDebugJavaRes UP-TO-DATE
> Task :trouter-core:compileDebugJavaWithJavac NO-SOURCE
> Task :trouter-core:bundleLibRuntimeToDirDebug
> Task :trouter-core:bundleLibCompileToJarDebug
> Task :app:mergeLibDexDebugAndroidTest UP-TO-DATE
> Task :app:mergeLibDexDebug
> Task :app:kspDebugKotlin
> Task :app:compileDebugKotlin
> Task :app:compileDebugJavaWithJavac NO-SOURCE
> Task :app:processDebugJavaRes UP-TO-DATE
> Task :app:bundleDebugClassesToCompileJar
> Task :app:dexBuilderDebug
> Task :app:mergeProjectDexDebug
> Task :app:kspDebugAndroidTestKotlin
> Task :app:mergeDebugJavaResource
> Task :app:packageDebug
> Task :app:createDebugApkListingFileRedirect UP-TO-DATE
> Task :app:compileDebugAndroidTestKotlin
> Task :app:compileDebugAndroidTestJavaWithJavac NO-SOURCE
> Task :app:processDebugAndroidTestJavaRes UP-TO-DATE
> Task :app:mergeDebugAndroidTestJavaResource UP-TO-DATE
> Task :app:dexBuilderDebugAndroidTest
> Task :app:mergeProjectDexDebugAndroidTest
> Task :app:packageDebugAndroidTest
> Task :app:createDebugAndroidTestApkListingFileRedirect UP-TO-DATE
Starting 10 tests on trouter_test(AVD) - 16
trouter_test(AVD) - 16 Tests 1/10 completed. (0 skipped) (0 failed)
> Task :app:connectedDebugAndroidTest

trouter_test(AVD) - 16 Tests 2/10 completed. (0 skipped) (0 failed)
trouter_test(AVD) - 16 Tests 3/10 completed. (0 skipped) (0 failed)
trouter_test(AVD) - 16 Tests 4/10 completed. (0 skipped) (0 failed)
trouter_test(AVD) - 16 Tests 5/10 completed. (0 skipped) (0 failed)
trouter_test(AVD) - 16 Tests 6/10 completed. (0 skipped) (0 failed)

com.demo.trouter.TRouterApiContractTest > repeatedInstallIsIdempotent[trouter_test(AVD) - 16] [31mFAILED [0m
	java.lang.AssertionError: 两次 install 应各输出一轮分组加载日志 expected:<2> but was:<4>
	at org.junit.Assert.fail(Assert.java:89)
trouter_test(AVD) - 16 Tests 9/10 completed. (0 skipped) (1 failed)
Tests on trouter_test(AVD) - 16 failed: There was 1 failure(s).
Finished 10 tests on trouter_test(AVD) - 16
Execute com.demo.trouter.TRouterApiContractTest.repeatedInstallIsIdempotent: FAILED
java.lang.AssertionError: java.lang.AssertionError: 两次 install 应各输出一轮分组加载日志 expected:<2> but was:<4>
at org.junit.Assert.fail(Assert.java:89)
at org.junit.Assert.failNotEquals(Assert.java:835)
at org.junit.Assert.assertEquals(Assert.java:120)
at com.demo.trouter.TRouterApiContractTest.repeatedInstallIsIdempotent(TRouterApiContractTest.kt:43)

java.lang.AssertionError: 两次 install 应各输出一轮分组加载日志 expected:<2> but was:<4>
at org.junit.Assert.fail(Assert.java:89)
at org.junit.Assert.failNotEquals(Assert.java:835)
at org.junit.Assert.assertEquals(Assert.java:120)
at com.demo.trouter.TRouterApiContractTest.repeatedInstallIsIdempotent(TRouterApiContractTest.kt:43)

> Task :app:connectedDebugAndroidTest FAILED

FAILURE: Build failed with an exception.

* What went wrong:
Execution failed for task ':app:connectedDebugAndroidTest' (registered by plugin 'com.android.internal.application').
> There were failing tests. See the report at: file:///Users/tye/Work/Android/TRouterDemo/app/build/reports/androidTests/connected/debug/index.html

* Try:
> Run with --stacktrace option to get the stack trace.
> Run with --info or --debug option to get more log output.
> Run with --scan to get full insights from a Build Scan (powered by Develocity).
> Get more help at https://help.gradle.org.

BUILD FAILED in 3m 22s
93 actionable tasks: 28 executed, 65 up-to-date
Configuration cache entry stored.
